{"timestamp": "2026-05-28T00:17:10.636704+00:00", "level": "INFO", "logger": "src.app.main", "module": "main:44", "message": "Starting CaraBot (vector_store=chroma, log_level=INFO)", "trace_id": ""}
{"timestamp": "2026-05-28T00:17:10.701871+00:00", "level": "INFO", "logger": "src.app.main", "module": "main:75", "message": "Running startup checks...", "trace_id": ""}
{"timestamp": "2026-05-28T00:17:10.720117+00:00", "level": "INFO", "logger": "src.app.main", "module": "main:83", "message": "  [OK] Database connection verified", "trace_id": ""}
{"timestamp": "2026-05-28T00:17:10.760157+00:00", "level": "INFO", "logger": "src.app.main", "module": "main:93", "message": "  [OK] Database tables ensured", "trace_id": ""}
{"timestamp": "2026-05-28T00:17:11.766927+00:00", "level": "INFO", "logger": "src.app.vectorstore.chroma_store", "module": "chroma_store:43", "message": "Chroma client initialized at ./data/chroma", "trace_id": ""}
{"timestamp": "2026-05-28T00:17:11.766927+00:00", "level": "INFO", "logger": "src.app.main", "module": "main:102", "message": "  [OK] Vector store (chroma) connected", "trace_id": ""}
{"timestamp": "2026-05-28T00:18:54.107676+00:00", "level": "INFO", "logger": "src.app.services.embedding_service", "module": "embedding_service:58", "message": "Downloading model BAAI/bge-m3 to data\\models\\bge-m3", "trace_id": ""}
{"timestamp": "2026-05-28T00:18:54.122137+00:00", "level": "INFO", "logger": "sentence_transformers.base.model", "module": "model:183", "message": "No device provided, using cpu", "trace_id": ""}
{"timestamp": "2026-05-28T00:18:56.217360+00:00", "level": "WARNING", "logger": "huggingface_hub.utils._http", "module": "_http:473", "message": "'[SSL: CERTIFICATE_VERIFY_FAILED] certificate verify failed: unable to get local issuer certificate (_ssl.c:1006)' thrown while requesting HEAD https://huggingface.co/BAAI/bge-m3/resolve/main/./modules.json", "trace_id": ""}
{"timestamp": "2026-05-28T00:18:56.217360+00:00", "level": "WARNING", "logger": "huggingface_hub.utils._http", "module": "_http:486", "message": "Retrying in 1s [Retry 1/5].", "trace_id": ""}
{"timestamp": "2026-05-28T00:18:57.220553+00:00", "level": "ERROR", "logger": "src.app.main", "module": "main:116", "message": "  [FAIL] Embedding model: Failed to download model 'BAAI/bge-m3': Cannot send a request, as the client has been closed.", "trace_id": ""}
{"timestamp": "2026-05-28T00:19:01.543061+00:00", "level": "WARNING", "logger": "src.app.main", "module": "main:126", "message": "  [WARN] Redis not available: Error 22 connecting to localhost:6379. 远程计算机拒绝网络连接。.", "trace_id": ""}
{"timestamp": "2026-05-28T00:19:01.544099+00:00", "level": "CRITICAL", "logger": "src.app.main", "module": "main:130", "message": "Startup validation failed: Embedding model: Failed to download model 'BAAI/bge-m3': Cannot send a request, as the client has been closed.", "trace_id": ""}
{"timestamp": "2026-05-28T00:19:01.544099+00:00", "level": "INFO", "logger": "src.app.main", "module": "main:133", "message": "CaraBot ready on 0.0.0.0:8000", "trace_id": ""}
{"timestamp": "2026-05-28T00:20:11.168991+00:00", "level": "ERROR", "logger": "src.app.api.routes.health", "module": "health:87", "message": "Redis health check failed: Error 22 connecting to localhost:6379. 远程计算机拒绝网络连接。.", "trace_id": "ec97c3eb-4391-416b-8e4a-e43dfe0b4db0"}
{"timestamp": "2026-05-28T00:20:11.172288+00:00", "level": "INFO", "logger": "src.app.middleware.logging", "module": "logging:47", "message": "GET /health → 200 (4076.6ms)", "trace_id": "ec97c3eb-4391-416b-8e4a-e43dfe0b4db0"}
{"timestamp": "2026-05-28T02:24:48.482434+00:00", "level": "INFO", "logger": "src.app.main", "module": "main:44", "message": "Starting CaraBot (vector_store=chroma, log_level=INFO)", "trace_id": ""}
{"timestamp": "2026-05-28T02:24:48.623438+00:00", "level": "INFO", "logger": "src.app.main", "module": "main:75", "message": "Running startup checks...", "trace_id": ""}
{"timestamp": "2026-05-28T02:24:48.653433+00:00", "level": "INFO", "logger": "src.app.main", "module": "main:83", "message": "  [OK] Database connection verified", "trace_id": ""}
{"timestamp": "2026-05-28T02:24:48.664431+00:00", "level": "INFO", "logger": "src.app.main", "module": "main:93", "message": "  [OK] Database tables ensured", "trace_id": ""}
{"timestamp": "2026-05-28T02:24:49.732995+00:00", "level": "INFO", "logger": "src.app.vectorstore.chroma_store", "module": "chroma_store:43", "message": "Chroma client initialized at ./data/chroma", "trace_id": ""}
{"timestamp": "2026-05-28T02:24:49.732995+00:00", "level": "INFO", "logger": "src.app.main", "module": "main:102", "message": "  [OK] Vector store (chroma) connected", "trace_id": ""}
{"timestamp": "2026-05-28T02:25:35.361031+00:00", "level": "INFO", "logger": "src.app.services.embedding_service", "module": "embedding_service:56", "message": "Using cached model at data\\models\\bge-m3", "trace_id": ""}
{"timestamp": "2026-05-28T02:25:35.362034+00:00", "level": "INFO", "logger": "src.app.services.embedding_service", "module": "embedding_service:36", "message": "Loading embedding model from data\\models\\bge-m3", "trace_id": ""}
{"timestamp": "2026-05-28T02:25:35.369033+00:00", "level": "INFO", "logger": "sentence_transformers.base.model", "module": "model:981", "message": "No modules.json found for data\\models\\bge-m3, initializing a new SentenceTransformer model.", "trace_id": ""}
{"timestamp": "2026-05-28T02:25:35.564554+00:00", "level": "ERROR", "logger": "src.app.main", "module": "main:116", "message": "  [FAIL] Embedding model: Error no file named model.safetensors, or pytorch_model.bin, found in directory data\\models\\bge-m3.", "trace_id": ""}
{"timestamp": "2026-05-28T02:25:39.923419+00:00", "level": "WARNING", "logger": "src.app.main", "module": "main:126", "message": "  [WARN] Redis not available: Error 22 connecting to localhost:6379. 远程计算机拒绝网络连接。.", "trace_id": ""}
{"timestamp": "2026-05-28T02:25:39.924419+00:00", "level": "CRITICAL", "logger": "src.app.main", "module": "main:130", "message": "Startup validation failed: Embedding model: Error no file named model.safetensors, or pytorch_model.bin, found in directory data\\models\\bge-m3.", "trace_id": ""}
{"timestamp": "2026-05-28T02:25:39.924419+00:00", "level": "INFO", "logger": "src.app.main", "module": "main:133", "message": "CaraBot ready on 0.0.0.0:8000", "trace_id": ""}
{"timestamp": "2026-05-28T02:30:32.617381+00:00", "level": "INFO", "logger": "src.app.main", "module": "main:44", "message": "Starting CaraBot (vector_store=chroma, log_level=INFO)", "trace_id": ""}
{"timestamp": "2026-05-28T02:30:32.779380+00:00", "level": "INFO", "logger": "src.app.main", "module": "main:75", "message": "Running startup checks...", "trace_id": ""}
{"timestamp": "2026-05-28T02:30:32.795379+00:00", "level": "INFO", "logger": "src.app.main", "module": "main:83", "message": "  [OK] Database connection verified", "trace_id": ""}
{"timestamp": "2026-05-28T02:30:32.806378+00:00", "level": "INFO", "logger": "src.app.main", "module": "main:93", "message": "  [OK] Database tables ensured", "trace_id": ""}
{"timestamp": "2026-05-28T02:30:33.539910+00:00", "level": "INFO", "logger": "src.app.vectorstore.chroma_store", "module": "chroma_store:43", "message": "Chroma client initialized at ./data/chroma", "trace_id": ""}
{"timestamp": "2026-05-28T02:30:33.539910+00:00", "level": "INFO", "logger": "src.app.main", "module": "main:102", "message": "  [OK] Vector store (chroma) connected", "trace_id": ""}
{"timestamp": "2026-05-28T02:31:19.971673+00:00", "level": "INFO", "logger": "src.app.services.embedding_service", "module": "embedding_service:56", "message": "Using cached model at data\\models\\bge-m3", "trace_id": ""}
{"timestamp": "2026-05-28T02:31:19.973672+00:00", "level": "INFO", "logger": "src.app.services.embedding_service", "module": "embedding_service:36", "message": "Loading embedding model from data\\models\\bge-m3", "trace_id": ""}
{"timestamp": "2026-05-28T02:31:19.985675+00:00", "level": "INFO", "logger": "sentence_transformers.base.model", "module": "model:981", "message": "No modules.json found for data\\models\\bge-m3, initializing a new SentenceTransformer model.", "trace_id": ""}
{"timestamp": "2026-05-28T02:31:19.988674+00:00", "level": "ERROR", "logger": "src.app.main", "module": "main:116", "message": "  [FAIL] Embedding model: Unrecognized model in data\\models\\bge-m3. Should have a `model_type` key in its config.json.", "trace_id": ""}
{"timestamp": "2026-05-28T02:31:24.338815+00:00", "level": "WARNING", "logger": "src.app.main", "module": "main:126", "message": "  [WARN] Redis not available: Error 22 connecting to localhost:6379. 远程计算机拒绝网络连接。.", "trace_id": ""}
{"timestamp": "2026-05-28T02:31:24.339817+00:00", "level": "CRITICAL", "logger": "src.app.main", "module": "main:130", "message": "Startup validation failed: Embedding model: Unrecognized model in data\\models\\bge-m3. Should have a `model_type` key in its config.json.", "trace_id": ""}
{"timestamp": "2026-05-28T02:31:24.339817+00:00", "level": "INFO", "logger": "src.app.main", "module": "main:133", "message": "CaraBot ready on 0.0.0.0:8000", "trace_id": ""}
{"timestamp": "2026-05-28T02:31:24.341813+00:00", "level": "INFO", "logger": "src.app.main", "module": "main:137", "message": "Shutting down CaraBot...", "trace_id": ""}
{"timestamp": "2026-05-28T02:31:24.341813+00:00", "level": "INFO", "logger": "src.app.main", "module": "main:139", "message": "CaraBot shutdown complete.", "trace_id": ""}
{"timestamp": "2026-05-28T02:33:57.567093+00:00", "level": "INFO", "logger": "src.app.main", "module": "main:44", "message": "Starting CaraBot (vector_store=chroma, log_level=INFO)", "trace_id": ""}
{"timestamp": "2026-05-28T02:33:57.694607+00:00", "level": "INFO", "logger": "src.app.main", "module": "main:75", "message": "Running startup checks...", "trace_id": ""}
{"timestamp": "2026-05-28T02:33:57.705621+00:00", "level": "INFO", "logger": "src.app.main", "module": "main:83", "message": "  [OK] Database connection verified", "trace_id": ""}
{"timestamp": "2026-05-28T02:33:57.714620+00:00", "level": "INFO", "logger": "src.app.main", "module": "main:93", "message": "  [OK] Database tables ensured", "trace_id": ""}
{"timestamp": "2026-05-28T02:33:58.574712+00:00", "level": "INFO", "logger": "src.app.vectorstore.chroma_store", "module": "chroma_store:43", "message": "Chroma client initialized at ./data/chroma", "trace_id": ""}
{"timestamp": "2026-05-28T02:33:58.574712+00:00", "level": "INFO", "logger": "src.app.main", "module": "main:102", "message": "  [OK] Vector store (chroma) connected", "trace_id": ""}
{"timestamp": "2026-05-28T02:34:44.325830+00:00", "level": "INFO", "logger": "src.app.services.embedding_service", "module": "embedding_service:61", "message": "Loading model 'BAAI/bge-m3' (auto-cached by HuggingFace)", "trace_id": ""}
{"timestamp": "2026-05-28T02:34:44.325830+00:00", "level": "INFO", "logger": "src.app.services.embedding_service", "module": "embedding_service:36", "message": "Loading embedding model from BAAI/bge-m3", "trace_id": ""}
{"timestamp": "2026-05-28T02:34:47.014980+00:00", "level": "INFO", "logger": "sentence_transformers.base.model", "module": "model:992", "message": "Loading SentenceTransformer model from BAAI/bge-m3.", "trace_id": ""}
{"timestamp": "2026-05-28T02:34:48.652215+00:00", "level": "WARNING", "logger": "huggingface_hub.utils._http", "module": "_http:916", "message": "Warning: You are sending unauthenticated requests to the HF Hub. Please set a HF_TOKEN to enable higher rate limits and faster downloads.", "trace_id": ""}
{"timestamp": "2026-05-28T02:35:07.436533+00:00", "level": "INFO", "logger": "src.app.services.embedding_service", "module": "embedding_service:46", "message": "Embedding model loaded. Dimension: 1024", "trace_id": ""}
{"timestamp": "2026-05-28T02:35:07.443533+00:00", "level": "INFO", "logger": "src.app.main", "module": "main:113", "message": "  [OK] Embedding model loaded", "trace_id": ""}
{"timestamp": "2026-05-28T02:35:11.967349+00:00", "level": "WARNING", "logger": "src.app.main", "module": "main:126", "message": "  [WARN] Redis not available: Error 22 connecting to localhost:6379. 远程计算机拒绝网络连接。.", "trace_id": ""}
{"timestamp": "2026-05-28T02:35:11.968352+00:00", "level": "INFO", "logger": "src.app.main", "module": "main:133", "message": "CaraBot ready on 0.0.0.0:8000", "trace_id": ""}
{"timestamp": "2026-05-28T02:35:11.975346+00:00", "level": "INFO", "logger": "src.app.main", "module": "main:137", "message": "Shutting down CaraBot...", "trace_id": ""}
{"timestamp": "2026-05-28T02:35:11.984345+00:00", "level": "INFO", "logger": "src.app.main", "module": "main:139", "message": "CaraBot shutdown complete.", "trace_id": ""}
{"timestamp": "2026-05-28T02:36:01.883105+00:00", "level": "INFO", "logger": "src.app.main", "module": "main:44", "message": "Starting CaraBot (vector_store=chroma, log_level=INFO)", "trace_id": ""}
{"timestamp": "2026-05-28T02:36:02.036627+00:00", "level": "INFO", "logger": "src.app.main", "module": "main:75", "message": "Running startup checks...", "trace_id": ""}
{"timestamp": "2026-05-28T02:36:02.058624+00:00", "level": "INFO", "logger": "src.app.main", "module": "main:83", "message": "  [OK] Database connection verified", "trace_id": ""}
{"timestamp": "2026-05-28T02:36:02.069625+00:00", "level": "INFO", "logger": "src.app.main", "module": "main:93", "message": "  [OK] Database tables ensured", "trace_id": ""}
{"timestamp": "2026-05-28T02:36:02.958681+00:00", "level": "INFO", "logger": "src.app.vectorstore.chroma_store", "module": "chroma_store:43", "message": "Chroma client initialized at ./data/chroma", "trace_id": ""}
{"timestamp": "2026-05-28T02:36:02.958681+00:00", "level": "INFO", "logger": "src.app.main", "module": "main:102", "message": "  [OK] Vector store (chroma) connected", "trace_id": ""}
{"timestamp": "2026-05-28T02:36:54.990124+00:00", "level": "INFO", "logger": "src.app.services.embedding_service", "module": "embedding_service:61", "message": "Loading model 'BAAI/bge-m3' (auto-cached by HuggingFace)", "trace_id": ""}
{"timestamp": "2026-05-28T02:36:54.991121+00:00", "level": "INFO", "logger": "src.app.services.embedding_service", "module": "embedding_service:36", "message": "Loading embedding model from BAAI/bge-m3", "trace_id": ""}
{"timestamp": "2026-05-28T02:36:57.697734+00:00", "level": "INFO", "logger": "sentence_transformers.base.model", "module": "model:992", "message": "Loading SentenceTransformer model from BAAI/bge-m3.", "trace_id": ""}
{"timestamp": "2026-05-28T02:36:59.607874+00:00", "level": "WARNING", "logger": "huggingface_hub.utils._http", "module": "_http:916", "message": "Warning: You are sending unauthenticated requests to the HF Hub. Please set a HF_TOKEN to enable higher rate limits and faster downloads.", "trace_id": ""}
{"timestamp": "2026-05-28T02:37:18.078438+00:00", "level": "INFO", "logger": "src.app.services.embedding_service", "module": "embedding_service:46", "message": "Embedding model loaded. Dimension: 1024", "trace_id": ""}
{"timestamp": "2026-05-28T02:37:18.079435+00:00", "level": "INFO", "logger": "src.app.main", "module": "main:113", "message": "  [OK] Embedding model loaded", "trace_id": ""}
{"timestamp": "2026-05-28T02:37:22.464871+00:00", "level": "WARNING", "logger": "src.app.main", "module": "main:126", "message": "  [WARN] Redis not available: Error 22 connecting to localhost:6379. 远程计算机拒绝网络连接。.", "trace_id": ""}
{"timestamp": "2026-05-28T02:37:22.464871+00:00", "level": "INFO", "logger": "src.app.main", "module": "main:133", "message": "CaraBot ready on 0.0.0.0:8000", "trace_id": ""}
{"timestamp": "2026-05-28T02:37:22.466873+00:00", "level": "INFO", "logger": "src.app.main", "module": "main:137", "message": "Shutting down CaraBot...", "trace_id": ""}
{"timestamp": "2026-05-28T02:37:22.467871+00:00", "level": "INFO", "logger": "src.app.main", "module": "main:139", "message": "CaraBot shutdown complete.", "trace_id": ""}
{"timestamp": "2026-05-28T02:38:15.063633+00:00", "level": "INFO", "logger": "src.app.main", "module": "main:44", "message": "Starting CaraBot (vector_store=chroma, log_level=INFO)", "trace_id": ""}
{"timestamp": "2026-05-28T02:38:15.285631+00:00", "level": "INFO", "logger": "src.app.main", "module": "main:75", "message": "Running startup checks...", "trace_id": ""}
{"timestamp": "2026-05-28T02:38:15.299633+00:00", "level": "INFO", "logger": "src.app.main", "module": "main:83", "message": "  [OK] Database connection verified", "trace_id": ""}
{"timestamp": "2026-05-28T02:38:15.309635+00:00", "level": "INFO", "logger": "src.app.main", "module": "main:93", "message": "  [OK] Database tables ensured", "trace_id": ""}
{"timestamp": "2026-05-28T02:38:16.356716+00:00", "level": "INFO", "logger": "src.app.vectorstore.chroma_store", "module": "chroma_store:43", "message": "Chroma client initialized at ./data/chroma", "trace_id": ""}
{"timestamp": "2026-05-28T02:38:16.356716+00:00", "level": "INFO", "logger": "src.app.main", "module": "main:102", "message": "  [OK] Vector store (chroma) connected", "trace_id": ""}
{"timestamp": "2026-05-28T02:39:05.000340+00:00", "level": "INFO", "logger": "src.app.services.embedding_service", "module": "embedding_service:61", "message": "Loading model 'BAAI/bge-m3' (auto-cached by HuggingFace)", "trace_id": ""}
{"timestamp": "2026-05-28T02:39:05.000340+00:00", "level": "INFO", "logger": "src.app.services.embedding_service", "module": "embedding_service:36", "message": "Loading embedding model from BAAI/bge-m3", "trace_id": ""}
{"timestamp": "2026-05-28T02:39:07.517308+00:00", "level": "INFO", "logger": "sentence_transformers.base.model", "module": "model:992", "message": "Loading SentenceTransformer model from BAAI/bge-m3.", "trace_id": ""}
{"timestamp": "2026-05-28T02:39:10.215440+00:00", "level": "WARNING", "logger": "huggingface_hub.utils._http", "module": "_http:916", "message": "Warning: You are sending unauthenticated requests to the HF Hub. Please set a HF_TOKEN to enable higher rate limits and faster downloads.", "trace_id": ""}
{"timestamp": "2026-05-28T02:39:24.294676+00:00", "level": "INFO", "logger": "src.app.services.embedding_service", "module": "embedding_service:46", "message": "Embedding model loaded. Dimension: 1024", "trace_id": ""}
{"timestamp": "2026-05-28T02:39:24.295675+00:00", "level": "INFO", "logger": "src.app.main", "module": "main:113", "message": "  [OK] Embedding model loaded", "trace_id": ""}
{"timestamp": "2026-05-28T02:39:28.646878+00:00", "level": "WARNING", "logger": "src.app.main", "module": "main:126", "message": "  [WARN] Redis not available: Error 22 connecting to localhost:6379. 远程计算机拒绝网络连接。.", "trace_id": ""}
{"timestamp": "2026-05-28T02:39:28.646878+00:00", "level": "INFO", "logger": "src.app.main", "module": "main:133", "message": "CaraBot ready on 0.0.0.0:8000", "trace_id": ""}
{"timestamp": "2026-05-28T02:40:01.427259+00:00", "level": "ERROR", "logger": "src.app.api.routes.health", "module": "health:87", "message": "Redis health check failed: Error 22 connecting to localhost:6379. 远程计算机拒绝网络连接。.", "trace_id": "d3a5a600-883f-435c-9d63-dc77d297507f"}
{"timestamp": "2026-05-28T02:40:01.431259+00:00", "level": "INFO", "logger": "src.app.middleware.logging", "module": "logging:47", "message": "GET /health → 200 (4758.5ms)", "trace_id": "d3a5a600-883f-435c-9d63-dc77d297507f"}
{"timestamp": "2026-05-28T02:40:14.326911+00:00", "level": "INFO", "logger": "src.app.vectorstore.chroma_store", "module": "chroma_store:52", "message": "Creating Chroma collection 'carabot_knowledge'", "trace_id": "7934f688-7e8e-4426-a978-b829ea90ec6a"}
{"timestamp": "2026-05-28T02:40:14.433431+00:00", "level": "INFO", "logger": "src.app.services.search_service", "module": "search_service:81", "message": "Search: query='How to reset password?...', top_k=3, found=0, time=664.6ms", "trace_id": "7934f688-7e8e-4426-a978-b829ea90ec6a"}
{"timestamp": "2026-05-28T02:40:14.436430+00:00", "level": "INFO", "logger": "src.app.middleware.logging", "module": "logging:47", "message": "POST /api/v1/search → 200 (671.3ms)", "trace_id": "7934f688-7e8e-4426-a978-b829ea90ec6a"}
{"timestamp": "2026-05-28T02:40:47.307037+00:00", "level": "INFO", "logger": "src.app.services.document_processor", "module": "document_processor:116", "message": "Processed 'test_upload.txt': 1 document(s) → 1 chunks (chunk_size=500, overlap=50)", "trace_id": "a9f5fb00-53c3-4583-a8a5-48efb020932f"}
{"timestamp": "2026-05-28T02:41:14.309607+00:00", "level": "INFO", "logger": "src.app.vectorstore.chroma_store", "module": "chroma_store:75", "message": "Added 1 chunks to Chroma collection 'carabot_knowledge'", "trace_id": "a9f5fb00-53c3-4583-a8a5-48efb020932f"}
{"timestamp": "2026-05-28T02:41:14.692669+00:00", "level": "ERROR", "logger": "src.app.middleware.error_handler", "module": "error_handler:55", "message": "Unhandled exception (trace_id=a9f5fb00-53c3-4583-a8a5-48efb020932f): Embedding dimension 1024 does not match collection dimensionality 384", "trace_id": "a9f5fb00-53c3-4583-a8a5-48efb020932f", "exception": "Traceback (most recent call last):\n  File \"D:\\python\\Lib\\site-packages\\starlette\\middleware\\errors.py\", line 164, in __call__\n    await self.app(scope, receive, _send)\n  File \"D:\\python\\Lib\\site-packages\\starlette\\middleware\\base.py\", line 191, in __call__\n    with recv_stream, send_stream, collapse_excgroups():\n  File \"D:\\python\\Lib\\contextlib.py\", line 158, in __exit__\n    self.gen.throw(typ, value, traceback)\n  File \"D:\\python\\Lib\\site-packages\\starlette\\_utils.py\", line 87, in collapse_excgroups\n    raise exc\n  File \"D:\\python\\Lib\\site-packages\\starlette\\middleware\\base.py\", line 193, in __call__\n    response = await self.dispatch_func(request, call_next)\n               ^^^^^^^^^^^^^^^^^^^^^^^^^^^^^^^^^^^^^^^^^^^^\n  File \"D:\\code\\CaraBot\\src\\app\\middleware\\logging.py\", line 38, in dispatch\n    response = await call_next(request)\n               ^^^^^^^^^^^^^^^^^^^^^^^^\n  File \"D:\\python\\Lib\\site-packages\\starlette\\middleware\\base.py\", line 168, in call_next\n    raise app_exc from app_exc.__cause__ or app_exc.__context__\n  File \"D:\\python\\Lib\\site-packages\\starlette\\middleware\\base.py\", line 144, in coro\n    await self.app(scope, receive_or_disconnect, send_no_error)\n  File \"D:\\python\\Lib\\site-packages\\starlette\\middleware\\exceptions.py\", line 63, in __call__\n    await wrap_app_handling_exceptions(self.app, conn)(scope, receive, send)\n  File \"D:\\python\\Lib\\site-packages\\starlette\\_exception_handler.py\", line 53, in wrapped_app\n    raise exc\n  File \"D:\\python\\Lib\\site-packages\\starlette\\_exception_handler.py\", line 42, in wrapped_app\n    await app(scope, receive, sender)\n  File \"D:\\python\\Lib\\site-packages\\fastapi\\middleware\\asyncexitstack.py\", line 18, in __call__\n    await self.app(scope, receive, send)\n  File \"D:\\python\\Lib\\site-packages\\starlette\\routing.py\", line 660, in __call__\n    await self.middleware_stack(scope, receive, send)\n  File \"D:\\python\\Lib\\site-packages\\starlette\\routing.py\", line 680, in app\n    await route.handle(scope, receive, send)\n  File \"D:\\python\\Lib\\site-packages\\starlette\\routing.py\", line 276, in handle\n    await self.app(scope, receive, send)\n  File \"D:\\python\\Lib\\site-packages\\fastapi\\routing.py\", line 134, in app\n    await wrap_app_handling_exceptions(app, request)(scope, receive, send)\n  File \"D:\\python\\Lib\\site-packages\\starlette\\_exception_handler.py\", line 53, in wrapped_app\n    raise exc\n  File \"D:\\python\\Lib\\site-packages\\starlette\\_exception_handler.py\", line 42, in wrapped_app\n    await app(scope, receive, sender)\n  File \"D:\\python\\Lib\\site-packages\\fastapi\\routing.py\", line 120, in app\n    response = await f(request)\n               ^^^^^^^^^^^^^^^^\n  File \"D:\\python\\Lib\\site-packages\\fastapi\\routing.py\", line 674, in app\n    raw_response = await run_endpoint_function(\n                   ^^^^^^^^^^^^^^^^^^^^^^^^^^^^\n  File \"D:\\python\\Lib\\site-packages\\fastapi\\routing.py\", line 328, in run_endpoint_function\n    return await dependant.call(**values)\n           ^^^^^^^^^^^^^^^^^^^^^^^^^^^^^^\n  File \"D:\\code\\CaraBot\\src\\app\\api\\routes\\upload.py\", line 49, in upload_document\n    result = await upload_service.upload(\n             ^^^^^^^^^^^^^^^^^^^^^^^^^^^^\n  File \"D:\\code\\CaraBot\\src\\app\\services\\upload_service.py\", line 115, in upload\n    await self._vector_store.add_embeddings(chunk_ids, embeddings, col_name)\n  File \"D:\\code\\CaraBot\\src\\app\\vectorstore\\chroma_store.py\", line 88, in add_embeddings\n    col.update(ids=chunk_ids, embeddings=embeddings)\n  File \"D:\\python\\Lib\\site-packages\\chromadb\\api\\models\\Collection.py\", line 265, in update\n    self._client._update(self.id, ids, embeddings, metadatas, documents, uris)\n  File \"D:\\python\\Lib\\site-packages\\chromadb\\telemetry\\opentelemetry\\__init__.py\", line 146, in wrapper\n    return f(*args, **kwargs)\n           ^^^^^^^^^^^^^^^^^^\n  File \"D:\\python\\Lib\\site-packages\\chromadb\\api\\segment.py\", line 423, in _update\n    self._validate_embedding_record_set(coll, records_to_submit)\n  File \"D:\\python\\Lib\\site-packages\\chromadb\\telemetry\\opentelemetry\\__init__.py\", line 146, in wrapper\n    return f(*args, **kwargs)\n           ^^^^^^^^^^^^^^^^^^\n  File \"D:\\python\\Lib\\site-packages\\chromadb\\api\\segment.py\", line 735, in _validate_embedding_record_set\n    self._validate_dimension(\n  File \"D:\\python\\Lib\\site-packages\\chromadb\\api\\segment.py\", line 751, in _validate_dimension\n    raise InvalidDimensionException(\nchromadb.errors.InvalidDimensionException: Embedding dimension 1024 does not match collection dimensionality 384"}
{"timestamp": "2026-05-28T02:51:45.626661+00:00", "level": "INFO", "logger": "src.app.main", "module": "main:44", "message": "Starting CaraBot (vector_store=chroma, log_level=INFO)", "trace_id": ""}
{"timestamp": "2026-05-28T02:51:45.823663+00:00", "level": "INFO", "logger": "src.app.main", "module": "main:75", "message": "Running startup checks...", "trace_id": ""}
{"timestamp": "2026-05-28T02:51:45.851663+00:00", "level": "INFO", "logger": "src.app.main", "module": "main:83", "message": "  [OK] Database connection verified", "trace_id": ""}
{"timestamp": "2026-05-28T02:51:45.864661+00:00", "level": "INFO", "logger": "src.app.main", "module": "main:93", "message": "  [OK] Database tables ensured", "trace_id": ""}
{"timestamp": "2026-05-28T02:51:47.977422+00:00", "level": "INFO", "logger": "src.app.vectorstore.chroma_store", "module": "chroma_store:43", "message": "Chroma client initialized at ./data/chroma_v2", "trace_id": ""}
{"timestamp": "2026-05-28T02:51:47.977422+00:00", "level": "INFO", "logger": "src.app.main", "module": "main:102", "message": "  [OK] Vector store (chroma) connected", "trace_id": ""}
{"timestamp": "2026-05-28T02:52:36.797131+00:00", "level": "INFO", "logger": "src.app.services.embedding_service", "module": "embedding_service:61", "message": "Loading model 'BAAI/bge-m3' (auto-cached by HuggingFace)", "trace_id": ""}
{"timestamp": "2026-05-28T02:52:36.798126+00:00", "level": "INFO", "logger": "src.app.services.embedding_service", "module": "embedding_service:36", "message": "Loading embedding model from BAAI/bge-m3", "trace_id": ""}
{"timestamp": "2026-05-28T02:52:39.910228+00:00", "level": "INFO", "logger": "sentence_transformers.base.model", "module": "model:992", "message": "Loading SentenceTransformer model from BAAI/bge-m3.", "trace_id": ""}
{"timestamp": "2026-05-28T02:52:44.516086+00:00", "level": "WARNING", "logger": "huggingface_hub.utils._http", "module": "_http:916", "message": "Warning: You are sending unauthenticated requests to the HF Hub. Please set a HF_TOKEN to enable higher rate limits and faster downloads.", "trace_id": ""}
{"timestamp": "2026-05-28T02:53:01.644014+00:00", "level": "INFO", "logger": "src.app.services.embedding_service", "module": "embedding_service:46", "message": "Embedding model loaded. Dimension: 1024", "trace_id": ""}
{"timestamp": "2026-05-28T02:53:01.655009+00:00", "level": "INFO", "logger": "src.app.main", "module": "main:113", "message": "  [OK] Embedding model loaded", "trace_id": ""}
{"timestamp": "2026-05-28T02:53:06.096055+00:00", "level": "WARNING", "logger": "src.app.main", "module": "main:126", "message": "  [WARN] Redis not available: Error 22 connecting to localhost:6379. 远程计算机拒绝网络连接。.", "trace_id": ""}
{"timestamp": "2026-05-28T02:53:06.096055+00:00", "level": "INFO", "logger": "src.app.main", "module": "main:133", "message": "CaraBot ready on 0.0.0.0:8000", "trace_id": ""}
{"timestamp": "2026-05-28T02:53:49.790279+00:00", "level": "ERROR", "logger": "src.app.api.routes.health", "module": "health:87", "message": "Redis health check failed: Error 22 connecting to localhost:6379. 远程计算机拒绝网络连接。.", "trace_id": "11a0fed2-5d5e-43f7-9421-59489ac76ebe"}
{"timestamp": "2026-05-28T02:53:49.803279+00:00", "level": "INFO", "logger": "src.app.middleware.logging", "module": "logging:47", "message": "GET /health → 200 (4708.8ms)", "trace_id": "11a0fed2-5d5e-43f7-9421-59489ac76ebe"}
{"timestamp": "2026-05-28T02:54:30.854051+00:00", "level": "ERROR", "logger": "src.app.api.routes.health", "module": "health:87", "message": "Redis health check failed: Error 22 connecting to localhost:6379. 远程计算机拒绝网络连接。.", "trace_id": "c9049e34-137c-4c15-9f1d-69af9ffa4ec5"}
{"timestamp": "2026-05-28T02:54:30.855047+00:00", "level": "INFO", "logger": "src.app.middleware.logging", "module": "logging:47", "message": "GET /health → 200 (4684.8ms)", "trace_id": "c9049e34-137c-4c15-9f1d-69af9ffa4ec5"}
{"timestamp": "2026-05-28T02:54:55.628980+00:00", "level": "INFO", "logger": "src.app.services.document_processor", "module": "document_processor:116", "message": "Processed 'test_upload.txt': 1 document(s) → 1 chunks (chunk_size=500, overlap=50)", "trace_id": "9c359612-4cce-4829-94ec-bda48871df44"}
{"timestamp": "2026-05-28T02:54:56.498919+00:00", "level": "INFO", "logger": "src.app.vectorstore.chroma_store", "module": "chroma_store:52", "message": "Creating Chroma collection 'carabot_knowledge'", "trace_id": "9c359612-4cce-4829-94ec-bda48871df44"}
{"timestamp": "2026-05-28T02:54:57.831745+00:00", "level": "INFO", "logger": "src.app.vectorstore.chroma_store", "module": "chroma_store:75", "message": "Added 1 chunks to Chroma collection 'carabot_knowledge'", "trace_id": "9c359612-4cce-4829-94ec-bda48871df44"}
{"timestamp": "2026-05-28T02:54:57.876566+00:00", "level": "ERROR", "logger": "src.app.middleware.error_handler", "module": "error_handler:55", "message": "Unhandled exception (trace_id=9c359612-4cce-4829-94ec-bda48871df44): Embedding dimension 1024 does not match collection dimensionality 384", "trace_id": "9c359612-4cce-4829-94ec-bda48871df44", "exception": "Traceback (most recent call last):\n  File \"D:\\python\\Lib\\site-packages\\starlette\\middleware\\errors.py\", line 164, in __call__\n    await self.app(scope, receive, _send)\n  File \"D:\\python\\Lib\\site-packages\\starlette\\middleware\\base.py\", line 191, in __call__\n    with recv_stream, send_stream, collapse_excgroups():\n  File \"D:\\python\\Lib\\contextlib.py\", line 158, in __exit__\n    self.gen.throw(typ, value, traceback)\n  File \"D:\\python\\Lib\\site-packages\\starlette\\_utils.py\", line 87, in collapse_excgroups\n    raise exc\n  File \"D:\\python\\Lib\\site-packages\\starlette\\middleware\\base.py\", line 193, in __call__\n    response = await self.dispatch_func(request, call_next)\n               ^^^^^^^^^^^^^^^^^^^^^^^^^^^^^^^^^^^^^^^^^^^^\n  File \"D:\\code\\CaraBot\\src\\app\\middleware\\logging.py\", line 38, in dispatch\n    response = await call_next(request)\n               ^^^^^^^^^^^^^^^^^^^^^^^^\n  File \"D:\\python\\Lib\\site-packages\\starlette\\middleware\\base.py\", line 168, in call_next\n    raise app_exc from app_exc.__cause__ or app_exc.__context__\n  File \"D:\\python\\Lib\\site-packages\\starlette\\middleware\\base.py\", line 144, in coro\n    await self.app(scope, receive_or_disconnect, send_no_error)\n  File \"D:\\python\\Lib\\site-packages\\starlette\\middleware\\exceptions.py\", line 63, in __call__\n    await wrap_app_handling_exceptions(self.app, conn)(scope, receive, send)\n  File \"D:\\python\\Lib\\site-packages\\starlette\\_exception_handler.py\", line 53, in wrapped_app\n    raise exc\n  File \"D:\\python\\Lib\\site-packages\\starlette\\_exception_handler.py\", line 42, in wrapped_app\n    await app(scope, receive, sender)\n  File \"D:\\python\\Lib\\site-packages\\fastapi\\middleware\\asyncexitstack.py\", line 18, in __call__\n    await self.app(scope, receive, send)\n  File \"D:\\python\\Lib\\site-packages\\starlette\\routing.py\", line 660, in __call__\n    await self.middleware_stack(scope, receive, send)\n  File \"D:\\python\\Lib\\site-packages\\starlette\\routing.py\", line 680, in app\n    await route.handle(scope, receive, send)\n  File \"D:\\python\\Lib\\site-packages\\starlette\\routing.py\", line 276, in handle\n    await self.app(scope, receive, send)\n  File \"D:\\python\\Lib\\site-packages\\fastapi\\routing.py\", line 134, in app\n    await wrap_app_handling_exceptions(app, request)(scope, receive, send)\n  File \"D:\\python\\Lib\\site-packages\\starlette\\_exception_handler.py\", line 53, in wrapped_app\n    raise exc\n  File \"D:\\python\\Lib\\site-packages\\starlette\\_exception_handler.py\", line 42, in wrapped_app\n    await app(scope, receive, sender)\n  File \"D:\\python\\Lib\\site-packages\\fastapi\\routing.py\", line 120, in app\n    response = await f(request)\n               ^^^^^^^^^^^^^^^^\n  File \"D:\\python\\Lib\\site-packages\\fastapi\\routing.py\", line 674, in app\n    raw_response = await run_endpoint_function(\n                   ^^^^^^^^^^^^^^^^^^^^^^^^^^^^\n  File \"D:\\python\\Lib\\site-packages\\fastapi\\routing.py\", line 328, in run_endpoint_function\n    return await dependant.call(**values)\n           ^^^^^^^^^^^^^^^^^^^^^^^^^^^^^^\n  File \"D:\\code\\CaraBot\\src\\app\\api\\routes\\upload.py\", line 49, in upload_document\n    result = await upload_service.upload(\n             ^^^^^^^^^^^^^^^^^^^^^^^^^^^^\n  File \"D:\\code\\CaraBot\\src\\app\\services\\upload_service.py\", line 115, in upload\n    await self._vector_store.add_embeddings(chunk_ids, embeddings, col_name)\n  File \"D:\\code\\CaraBot\\src\\app\\vectorstore\\chroma_store.py\", line 88, in add_embeddings\n    col.update(ids=chunk_ids, embeddings=embeddings)\n  File \"D:\\python\\Lib\\site-packages\\chromadb\\api\\models\\Collection.py\", line 265, in update\n    self._client._update(self.id, ids, embeddings, metadatas, documents, uris)\n  File \"D:\\python\\Lib\\site-packages\\chromadb\\telemetry\\opentelemetry\\__init__.py\", line 146, in wrapper\n    return f(*args, **kwargs)\n           ^^^^^^^^^^^^^^^^^^\n  File \"D:\\python\\Lib\\site-packages\\chromadb\\api\\segment.py\", line 423, in _update\n    self._validate_embedding_record_set(coll, records_to_submit)\n  File \"D:\\python\\Lib\\site-packages\\chromadb\\telemetry\\opentelemetry\\__init__.py\", line 146, in wrapper\n    return f(*args, **kwargs)\n           ^^^^^^^^^^^^^^^^^^\n  File \"D:\\python\\Lib\\site-packages\\chromadb\\api\\segment.py\", line 735, in _validate_embedding_record_set\n    self._validate_dimension(\n  File \"D:\\python\\Lib\\site-packages\\chromadb\\api\\segment.py\", line 751, in _validate_dimension\n    raise InvalidDimensionException(\nchromadb.errors.InvalidDimensionException: Embedding dimension 1024 does not match collection dimensionality 384"}
{"timestamp": "2026-05-28T02:58:13.065034+00:00", "level": "INFO", "logger": "src.app.main", "module": "main:44", "message": "Starting CaraBot (vector_store=chroma, log_level=INFO)", "trace_id": ""}
{"timestamp": "2026-05-28T02:58:13.294034+00:00", "level": "INFO", "logger": "src.app.main", "module": "main:75", "message": "Running startup checks...", "trace_id": ""}
{"timestamp": "2026-05-28T02:58:13.326033+00:00", "level": "INFO", "logger": "src.app.main", "module": "main:83", "message": "  [OK] Database connection verified", "trace_id": ""}
{"timestamp": "2026-05-28T02:58:13.336035+00:00", "level": "INFO", "logger": "src.app.main", "module": "main:93", "message": "  [OK] Database tables ensured", "trace_id": ""}
{"timestamp": "2026-05-28T02:58:15.275293+00:00", "level": "INFO", "logger": "src.app.vectorstore.chroma_store", "module": "chroma_store:43", "message": "Chroma client initialized at ./data/chroma_v2", "trace_id": ""}
{"timestamp": "2026-05-28T02:58:15.275293+00:00", "level": "INFO", "logger": "src.app.main", "module": "main:102", "message": "  [OK] Vector store (chroma) connected", "trace_id": ""}
{"timestamp": "2026-05-28T02:59:16.429889+00:00", "level": "INFO", "logger": "src.app.services.embedding_service", "module": "embedding_service:61", "message": "Loading model 'BAAI/bge-m3' (auto-cached by HuggingFace)", "trace_id": ""}
{"timestamp": "2026-05-28T02:59:16.430888+00:00", "level": "INFO", "logger": "src.app.services.embedding_service", "module": "embedding_service:36", "message": "Loading embedding model from BAAI/bge-m3", "trace_id": ""}
{"timestamp": "2026-05-28T02:59:19.059510+00:00", "level": "INFO", "logger": "sentence_transformers.base.model", "module": "model:992", "message": "Loading SentenceTransformer model from BAAI/bge-m3.", "trace_id": ""}
{"timestamp": "2026-05-28T02:59:22.272942+00:00", "level": "WARNING", "logger": "huggingface_hub.utils._http", "module": "_http:916", "message": "Warning: You are sending unauthenticated requests to the HF Hub. Please set a HF_TOKEN to enable higher rate limits and faster downloads.", "trace_id": ""}
{"timestamp": "2026-05-28T02:59:42.518478+00:00", "level": "INFO", "logger": "src.app.services.embedding_service", "module": "embedding_service:46", "message": "Embedding model loaded. Dimension: 1024", "trace_id": ""}
{"timestamp": "2026-05-28T02:59:42.528475+00:00", "level": "INFO", "logger": "src.app.main", "module": "main:113", "message": "  [OK] Embedding model loaded", "trace_id": ""}
{"timestamp": "2026-05-28T02:59:47.027902+00:00", "level": "WARNING", "logger": "src.app.main", "module": "main:126", "message": "  [WARN] Redis not available: Error 22 connecting to localhost:6379. 远程计算机拒绝网络连接。.", "trace_id": ""}
{"timestamp": "2026-05-28T02:59:47.027902+00:00", "level": "INFO", "logger": "src.app.main", "module": "main:133", "message": "CaraBot ready on 0.0.0.0:8000", "trace_id": ""}
{"timestamp": "2026-05-28T03:00:13.967486+00:00", "level": "ERROR", "logger": "src.app.api.routes.health", "module": "health:87", "message": "Redis health check failed: Error 22 connecting to localhost:6379. 远程计算机拒绝网络连接。.", "trace_id": "844ae4bd-f2d4-4569-b7d9-9de9fba0e276"}
{"timestamp": "2026-05-28T03:00:13.987944+00:00", "level": "INFO", "logger": "src.app.middleware.logging", "module": "logging:47", "message": "GET /health → 200 (4983.4ms)", "trace_id": "844ae4bd-f2d4-4569-b7d9-9de9fba0e276"}
{"timestamp": "2026-05-28T03:00:23.971423+00:00", "level": "INFO", "logger": "src.app.services.document_processor", "module": "document_processor:116", "message": "Processed 'test_upload.txt': 1 document(s) → 1 chunks (chunk_size=500, overlap=50)", "trace_id": "5338e4c5-77a3-4c9e-adfe-e96935a4332f"}
{"timestamp": "2026-05-28T03:00:24.440704+00:00", "level": "INFO", "logger": "src.app.vectorstore.chroma_store", "module": "chroma_store:52", "message": "Creating Chroma collection 'carabot_knowledge'", "trace_id": "5338e4c5-77a3-4c9e-adfe-e96935a4332f"}
{"timestamp": "2026-05-28T03:00:24.656705+00:00", "level": "INFO", "logger": "src.app.vectorstore.chroma_store", "module": "chroma_store:86", "message": "Added 1 chunks to Chroma collection 'carabot_knowledge'", "trace_id": "5338e4c5-77a3-4c9e-adfe-e96935a4332f"}
{"timestamp": "2026-05-28T03:00:24.697707+00:00", "level": "INFO", "logger": "src.app.services.dedup_service", "module": "dedup_service:105", "message": "Registered document: id=757c60ca-9176-4669-a333-02b95ccd0360, filename='test_upload.txt'", "trace_id": "5338e4c5-77a3-4c9e-adfe-e96935a4332f"}
{"timestamp": "2026-05-28T03:00:24.700709+00:00", "level": "INFO", "logger": "src.app.services.upload_service", "module": "upload_service:128", "message": "Upload complete: doc_id=eff9d729-a6ee-49cd-90d0-f45ffd7734b1, file='test_upload.txt', chunks=1, incremental=False", "trace_id": "5338e4c5-77a3-4c9e-adfe-e96935a4332f"}
{"timestamp": "2026-05-28T03:00:24.701706+00:00", "level": "INFO", "logger": "src.app.middleware.logging", "module": "logging:47", "message": "POST /api/v1/upload → 200 (1050.8ms)", "trace_id": "5338e4c5-77a3-4c9e-adfe-e96935a4332f"}
{"timestamp": "2026-05-28T03:00:35.319813+00:00", "level": "INFO", "logger": "src.app.services.dedup_service", "module": "dedup_service:52", "message": "Duplicate detected: hash=fcafff9fac991546, doc_id=757c60ca-9176-4669-a333-02b95ccd0360", "trace_id": "c23644dd-7dd5-4b20-a74b-3cd1eee0033d"}
{"timestamp": "2026-05-28T03:00:35.322808+00:00", "level": "INFO", "logger": "src.app.services.upload_service", "module": "upload_service:72", "message": "Duplicate file, returning existing record: 757c60ca-9176-4669-a333-02b95ccd0360", "trace_id": "c23644dd-7dd5-4b20-a74b-3cd1eee0033d"}
{"timestamp": "2026-05-28T03:00:35.322808+00:00", "level": "INFO", "logger": "src.app.middleware.logging", "module": "logging:47", "message": "POST /api/v1/upload → 200 (11.2ms)", "trace_id": "c23644dd-7dd5-4b20-a74b-3cd1eee0033d"}
{"timestamp": "2026-05-28T03:00:37.980549+00:00", "level": "WARNING", "logger": "chromadb.segment.impl.vector.local_persistent_hnsw", "module": "local_persistent_hnsw:423", "message": "Number of requested results 3 is greater than number of elements in index 1, updating n_results = 1", "trace_id": "1d22ac08-97e5-442e-9b62-dbc2987da7a5"}
{"timestamp": "2026-05-28T03:00:38.004550+00:00", "level": "INFO", "logger": "src.app.services.search_service", "module": "search_service:81", "message": "Search: query='mobile phone repair...', top_k=3, found=0, time=396.3ms", "trace_id": "1d22ac08-97e5-442e-9b62-dbc2987da7a5"}
{"timestamp": "2026-05-28T03:00:38.006548+00:00", "level": "INFO", "logger": "src.app.middleware.logging", "module": "logging:47", "message": "POST /api/v1/search → 200 (413.4ms)", "trace_id": "1d22ac08-97e5-442e-9b62-dbc2987da7a5"}
{"timestamp": "2026-05-28T03:02:17.785263+00:00", "level": "INFO", "logger": "src.app.main", "module": "main:44", "message": "Starting CaraBot (vector_store=chroma, log_level=INFO)", "trace_id": ""}
{"timestamp": "2026-05-28T03:02:17.912795+00:00", "level": "INFO", "logger": "src.app.main", "module": "main:75", "message": "Running startup checks...", "trace_id": ""}
{"timestamp": "2026-05-28T03:02:17.924795+00:00", "level": "INFO", "logger": "src.app.main", "module": "main:83", "message": "  [OK] Database connection verified", "trace_id": ""}
{"timestamp": "2026-05-28T03:02:17.976794+00:00", "level": "INFO", "logger": "src.app.main", "module": "main:93", "message": "  [OK] Database tables ensured", "trace_id": ""}
{"timestamp": "2026-05-28T03:02:19.147296+00:00", "level": "INFO", "logger": "src.app.vectorstore.chroma_store", "module": "chroma_store:43", "message": "Chroma client initialized at ./data/chroma_v2", "trace_id": ""}
{"timestamp": "2026-05-28T03:02:19.148293+00:00", "level": "INFO", "logger": "src.app.main", "module": "main:102", "message": "  [OK] Vector store (chroma) connected", "trace_id": ""}
{"timestamp": "2026-05-28T03:02:58.217274+00:00", "level": "INFO", "logger": "src.app.services.embedding_service", "module": "embedding_service:61", "message": "Loading model 'BAAI/bge-m3' (auto-cached by HuggingFace)", "trace_id": ""}
{"timestamp": "2026-05-28T03:02:58.218275+00:00", "level": "INFO", "logger": "src.app.services.embedding_service", "module": "embedding_service:36", "message": "Loading embedding model from BAAI/bge-m3", "trace_id": ""}
{"timestamp": "2026-05-28T03:03:01.558879+00:00", "level": "INFO", "logger": "sentence_transformers.base.model", "module": "model:992", "message": "Loading SentenceTransformer model from BAAI/bge-m3.", "trace_id": ""}
{"timestamp": "2026-05-28T03:03:08.280876+00:00", "level": "WARNING", "logger": "huggingface_hub.utils._http", "module": "_http:916", "message": "Warning: You are sending unauthenticated requests to the HF Hub. Please set a HF_TOKEN to enable higher rate limits and faster downloads.", "trace_id": ""}
{"timestamp": "2026-05-28T03:03:19.476191+00:00", "level": "INFO", "logger": "src.app.services.embedding_service", "module": "embedding_service:46", "message": "Embedding model loaded. Dimension: 1024", "trace_id": ""}
{"timestamp": "2026-05-28T03:03:19.477191+00:00", "level": "INFO", "logger": "src.app.main", "module": "main:113", "message": "  [OK] Embedding model loaded", "trace_id": ""}
{"timestamp": "2026-05-28T03:03:23.820658+00:00", "level": "WARNING", "logger": "src.app.main", "module": "main:126", "message": "  [WARN] Redis not available: Error 22 connecting to localhost:6379. 远程计算机拒绝网络连接。.", "trace_id": ""}
{"timestamp": "2026-05-28T03:03:23.820658+00:00", "level": "INFO", "logger": "src.app.main", "module": "main:133", "message": "CaraBot ready on 0.0.0.0:8000", "trace_id": ""}
{"timestamp": "2026-05-28T03:03:44.796450+00:00", "level": "ERROR", "logger": "src.app.api.routes.health", "module": "health:87", "message": "Redis health check failed: Error 22 connecting to localhost:6379. 远程计算机拒绝网络连接。.", "trace_id": "d166e408-c507-4b68-b904-316b90cc9554"}
{"timestamp": "2026-05-28T03:03:44.798451+00:00", "level": "INFO", "logger": "src.app.middleware.logging", "module": "logging:47", "message": "GET /health → 200 (4509.5ms)", "trace_id": "d166e408-c507-4b68-b904-316b90cc9554"}
{"timestamp": "2026-05-28T03:03:55.973441+00:00", "level": "INFO", "logger": "src.app.services.document_processor", "module": "document_processor:116", "message": "Processed 'test_upload.txt': 1 document(s) → 1 chunks (chunk_size=500, overlap=50)", "trace_id": "ef25459a-85e1-43a7-bb54-3183b25021ed"}
{"timestamp": "2026-05-28T03:03:56.789554+00:00", "level": "INFO", "logger": "src.app.vectorstore.chroma_store", "module": "chroma_store:52", "message": "Creating Chroma collection 'carabot_knowledge'", "trace_id": "ef25459a-85e1-43a7-bb54-3183b25021ed"}
{"timestamp": "2026-05-28T03:03:56.965352+00:00", "level": "INFO", "logger": "src.app.vectorstore.chroma_store", "module": "chroma_store:86", "message": "Added 1 chunks to Chroma collection 'carabot_knowledge'", "trace_id": "ef25459a-85e1-43a7-bb54-3183b25021ed"}
{"timestamp": "2026-05-28T03:03:57.003351+00:00", "level": "INFO", "logger": "src.app.services.dedup_service", "module": "dedup_service:110", "message": "Registered document: id=d7bce4ea-4590-452b-a2fa-8a0b8bfc51b8, filename='test_upload.txt'", "trace_id": "ef25459a-85e1-43a7-bb54-3183b25021ed"}
{"timestamp": "2026-05-28T03:03:57.006352+00:00", "level": "INFO", "logger": "src.app.services.upload_service", "module": "upload_service:129", "message": "Upload complete: doc_id=d7bce4ea-4590-452b-a2fa-8a0b8bfc51b8, file='test_upload.txt', chunks=1, incremental=False", "trace_id": "ef25459a-85e1-43a7-bb54-3183b25021ed"}
{"timestamp": "2026-05-28T03:03:57.007354+00:00", "level": "INFO", "logger": "src.app.middleware.logging", "module": "logging:47", "message": "POST /api/v1/upload → 200 (1351.8ms)", "trace_id": "ef25459a-85e1-43a7-bb54-3183b25021ed"}
{"timestamp": "2026-05-28T03:03:57.353351+00:00", "level": "INFO", "logger": "src.app.services.dedup_service", "module": "dedup_service:52", "message": "Duplicate detected: hash=b83ad8c085e9e921, doc_id=d7bce4ea-4590-452b-a2fa-8a0b8bfc51b8", "trace_id": "b2bdc97e-036d-4ffd-803c-e994328ca816"}
{"timestamp": "2026-05-28T03:03:57.356351+00:00", "level": "INFO", "logger": "src.app.services.upload_service", "module": "upload_service:72", "message": "Duplicate file, returning existing record: d7bce4ea-4590-452b-a2fa-8a0b8bfc51b8", "trace_id": "b2bdc97e-036d-4ffd-803c-e994328ca816"}
{"timestamp": "2026-05-28T03:03:57.357351+00:00", "level": "INFO", "logger": "src.app.middleware.logging", "module": "logging:47", "message": "POST /api/v1/upload → 200 (13.7ms)", "trace_id": "b2bdc97e-036d-4ffd-803c-e994328ca816"}
{"timestamp": "2026-05-28T03:04:05.609992+00:00", "level": "WARNING", "logger": "chromadb.segment.impl.vector.local_persistent_hnsw", "module": "local_persistent_hnsw:423", "message": "Number of requested results 3 is greater than number of elements in index 1, updating n_results = 1", "trace_id": "1a0cb1b4-2860-4be1-9657-552e183f7076"}
{"timestamp": "2026-05-28T03:04:05.619992+00:00", "level": "INFO", "logger": "src.app.services.search_service", "module": "search_service:81", "message": "Search: query='phone repair customer service...', top_k=3, found=1, time=381.0ms", "trace_id": "1a0cb1b4-2860-4be1-9657-552e183f7076"}
{"timestamp": "2026-05-28T03:04:05.620992+00:00", "level": "INFO", "logger": "src.app.middleware.logging", "module": "logging:47", "message": "POST /api/v1/search → 200 (386.1ms)", "trace_id": "1a0cb1b4-2860-4be1-9657-552e183f7076"}
{"timestamp": "2026-05-28T03:05:12.042058+00:00", "level": "INFO", "logger": "src.app.middleware.logging", "module": "logging:47", "message": "GET /api/v1/stats → 200 (45.8ms)", "trace_id": "69ab7851-f1e0-49cc-9856-4720ce332a5c"}
{"timestamp": "2026-05-28T03:55:18.793089+00:00", "level": "INFO", "logger": "src.app.main", "module": "main:44", "message": "Starting CaraBot (vector_store=milvus, log_level=INFO)", "trace_id": ""}
{"timestamp": "2026-05-28T03:55:18.923089+00:00", "level": "INFO", "logger": "src.app.main", "module": "main:75", "message": "Running startup checks...", "trace_id": ""}
{"timestamp": "2026-05-28T03:55:19.064663+00:00", "level": "INFO", "logger": "src.app.main", "module": "main:83", "message": "  [OK] Database connection verified", "trace_id": ""}
{"timestamp": "2026-05-28T03:55:19.161149+00:00", "level": "INFO", "logger": "src.app.main", "module": "main:93", "message": "  [OK] Database tables ensured", "trace_id": ""}
{"timestamp": "2026-05-28T03:55:19.374004+00:00", "level": "INFO", "logger": "src.app.vectorstore.milvus_store", "module": "milvus_store:74", "message": "Connected to Milvus at localhost:19530", "trace_id": ""}
{"timestamp": "2026-05-28T03:55:19.377003+00:00", "level": "INFO", "logger": "src.app.main", "module": "main:102", "message": "  [OK] Vector store (milvus) connected", "trace_id": ""}
{"timestamp": "2026-05-28T03:56:49.773006+00:00", "level": "INFO", "logger": "src.app.services.embedding_service", "module": "embedding_service:61", "message": "Loading model 'BAAI/bge-m3' (auto-cached by HuggingFace)", "trace_id": ""}
{"timestamp": "2026-05-28T03:56:49.773006+00:00", "level": "INFO", "logger": "src.app.services.embedding_service", "module": "embedding_service:36", "message": "Loading embedding model from BAAI/bge-m3", "trace_id": ""}
{"timestamp": "2026-05-28T03:56:51.947727+00:00", "level": "INFO", "logger": "sentence_transformers.base.model", "module": "model:992", "message": "Loading SentenceTransformer model from BAAI/bge-m3.", "trace_id": ""}
{"timestamp": "2026-05-28T03:56:54.250210+00:00", "level": "WARNING", "logger": "huggingface_hub.utils._http", "module": "_http:916", "message": "Warning: You are sending unauthenticated requests to the HF Hub. Please set a HF_TOKEN to enable higher rate limits and faster downloads.", "trace_id": ""}
{"timestamp": "2026-05-28T03:57:10.609775+00:00", "level": "INFO", "logger": "src.app.services.embedding_service", "module": "embedding_service:46", "message": "Embedding model loaded. Dimension: 1024", "trace_id": ""}
{"timestamp": "2026-05-28T03:57:10.615776+00:00", "level": "INFO", "logger": "src.app.main", "module": "main:113", "message": "  [OK] Embedding model loaded", "trace_id": ""}
{"timestamp": "2026-05-28T03:57:11.115650+00:00", "level": "INFO", "logger": "src.app.main", "module": "main:124", "message": "  [OK] Redis connected", "trace_id": ""}
{"timestamp": "2026-05-28T03:57:11.116664+00:00", "level": "INFO", "logger": "src.app.main", "module": "main:133", "message": "CaraBot ready on 0.0.0.0:8000", "trace_id": ""}
{"timestamp": "2026-05-28T03:57:26.386010+00:00", "level": "INFO", "logger": "src.app.middleware.logging", "module": "logging:47", "message": "GET /health → 200 (1218.8ms)", "trace_id": "f1aba809-1aa7-4a48-a9ab-f3090f0bbd7f"}
{"timestamp": "2026-05-28T03:57:38.789494+00:00", "level": "INFO", "logger": "src.app.services.document_processor", "module": "document_processor:116", "message": "Processed 'test_doc.txt': 1 document(s) → 1 chunks (chunk_size=500, overlap=50)", "trace_id": "4f62ac09-e665-4e44-a14e-578e119c6e02"}
{"timestamp": "2026-05-28T03:57:43.046091+00:00", "level": "INFO", "logger": "src.app.vectorstore.milvus_store", "module": "milvus_store:102", "message": "Created Milvus collection 'carabot_knowledge' (dim=1024)", "trace_id": "4f62ac09-e665-4e44-a14e-578e119c6e02"}
{"timestamp": "2026-05-28T03:57:43.514446+00:00", "level": "ERROR", "logger": "src.app.middleware.error_handler", "module": "error_handler:55", "message": "Unhandled exception (trace_id=4f62ac09-e665-4e44-a14e-578e119c6e02): <MilvusException: (code=1100, message=float vector field 'embedding' is illegal, array type mismatch: invalid parameter[expected=need float vector][actual=got nil])>", "trace_id": "4f62ac09-e665-4e44-a14e-578e119c6e02", "exception": "Traceback (most recent call last):\n  File \"D:\\python\\Lib\\site-packages\\starlette\\middleware\\errors.py\", line 164, in __call__\n    await self.app(scope, receive, _send)\n  File \"D:\\python\\Lib\\site-packages\\starlette\\middleware\\base.py\", line 191, in __call__\n    with recv_stream, send_stream, collapse_excgroups():\n  File \"D:\\python\\Lib\\contextlib.py\", line 158, in __exit__\n    self.gen.throw(typ, value, traceback)\n  File \"D:\\python\\Lib\\site-packages\\starlette\\_utils.py\", line 87, in collapse_excgroups\n    raise exc\n  File \"D:\\python\\Lib\\site-packages\\starlette\\middleware\\base.py\", line 193, in __call__\n    response = await self.dispatch_func(request, call_next)\n               ^^^^^^^^^^^^^^^^^^^^^^^^^^^^^^^^^^^^^^^^^^^^\n  File \"D:\\code\\CaraBot\\src\\app\\middleware\\logging.py\", line 38, in dispatch\n    response = await call_next(request)\n               ^^^^^^^^^^^^^^^^^^^^^^^^\n  File \"D:\\python\\Lib\\site-packages\\starlette\\middleware\\base.py\", line 168, in call_next\n    raise app_exc from app_exc.__cause__ or app_exc.__context__\n  File \"D:\\python\\Lib\\site-packages\\starlette\\middleware\\base.py\", line 144, in coro\n    await self.app(scope, receive_or_disconnect, send_no_error)\n  File \"D:\\python\\Lib\\site-packages\\starlette\\middleware\\exceptions.py\", line 63, in __call__\n    await wrap_app_handling_exceptions(self.app, conn)(scope, receive, send)\n  File \"D:\\python\\Lib\\site-packages\\starlette\\_exception_handler.py\", line 53, in wrapped_app\n    raise exc\n  File \"D:\\python\\Lib\\site-packages\\starlette\\_exception_handler.py\", line 42, in wrapped_app\n    await app(scope, receive, sender)\n  File \"D:\\python\\Lib\\site-packages\\fastapi\\middleware\\asyncexitstack.py\", line 18, in __call__\n    await self.app(scope, receive, send)\n  File \"D:\\python\\Lib\\site-packages\\starlette\\routing.py\", line 660, in __call__\n    await self.middleware_stack(scope, receive, send)\n  File \"D:\\python\\Lib\\site-packages\\starlette\\routing.py\", line 680, in app\n    await route.handle(scope, receive, send)\n  File \"D:\\python\\Lib\\site-packages\\starlette\\routing.py\", line 276, in handle\n    await self.app(scope, receive, send)\n  File \"D:\\python\\Lib\\site-packages\\fastapi\\routing.py\", line 134, in app\n    await wrap_app_handling_exceptions(app, request)(scope, receive, send)\n  File \"D:\\python\\Lib\\site-packages\\starlette\\_exception_handler.py\", line 53, in wrapped_app\n    raise exc\n  File \"D:\\python\\Lib\\site-packages\\starlette\\_exception_handler.py\", line 42, in wrapped_app\n    await app(scope, receive, sender)\n  File \"D:\\python\\Lib\\site-packages\\fastapi\\routing.py\", line 120, in app\n    response = await f(request)\n               ^^^^^^^^^^^^^^^^\n  File \"D:\\python\\Lib\\site-packages\\fastapi\\routing.py\", line 674, in app\n    raw_response = await run_endpoint_function(\n                   ^^^^^^^^^^^^^^^^^^^^^^^^^^^^\n  File \"D:\\python\\Lib\\site-packages\\fastapi\\routing.py\", line 328, in run_endpoint_function\n    return await dependant.call(**values)\n           ^^^^^^^^^^^^^^^^^^^^^^^^^^^^^^\n  File \"D:\\code\\CaraBot\\src\\app\\api\\routes\\upload.py\", line 49, in upload_document\n    result = await upload_service.upload(\n             ^^^^^^^^^^^^^^^^^^^^^^^^^^^^\n  File \"D:\\code\\CaraBot\\src\\app\\services\\upload_service.py\", line 114, in upload\n    chunk_ids = await self._vector_store.add_documents(chunks, col_name, embeddings)\n                ^^^^^^^^^^^^^^^^^^^^^^^^^^^^^^^^^^^^^^^^^^^^^^^^^^^^^^^^^^^^^^^^^^^^\n  File \"D:\\code\\CaraBot\\src\\app\\vectorstore\\milvus_store.py\", line 132, in add_documents\n    await asyncio.to_thread(_insert)\n  File \"D:\\python\\Lib\\asyncio\\threads.py\", line 25, in to_thread\n    return await loop.run_in_executor(None, func_call)\n           ^^^^^^^^^^^^^^^^^^^^^^^^^^^^^^^^^^^^^^^^^^^\n  File \"D:\\python\\Lib\\concurrent\\futures\\thread.py\", line 58, in run\n    result = self.fn(*self.args, **self.kwargs)\n             ^^^^^^^^^^^^^^^^^^^^^^^^^^^^^^^^^^\n  File \"D:\\code\\CaraBot\\src\\app\\vectorstore\\milvus_store.py\", line 129, in _insert\n    col.insert(data_rows)\n  File \"D:\\python\\Lib\\site-packages\\pymilvus\\decorators.py\", line 202, in wrapper\n    return func(*args, **kwargs)\n           ^^^^^^^^^^^^^^^^^^^^^\n  File \"D:\\python\\Lib\\site-packages\\pymilvus\\orm\\collection.py\", line 556, in insert\n    return conn.insert_rows(\n           ^^^^^^^^^^^^^^^^^\n  File \"D:\\python\\Lib\\site-packages\\pymilvus\\decorators.py\", line 521, in handler\n    raise e from e\n  File \"D:\\python\\Lib\\site-packages\\pymilvus\\decorators.py\", line 518, in handler\n    return func(*args, **kwargs)\n           ^^^^^^^^^^^^^^^^^^^^^\n  File \"D:\\python\\Lib\\site-packages\\pymilvus\\decorators.py\", line 565, in handler\n    return func(self, *args, **kwargs)\n           ^^^^^^^^^^^^^^^^^^^^^^^^^^^\n  File \"D:\\python\\Lib\\site-packages\\pymilvus\\decorators.py\", line 456, in handler\n    raise e from e\n  File \"D:\\python\\Lib\\site-packages\\pymilvus\\decorators.py\", line 419, in handler\n    return func(*args, **kwargs)\n           ^^^^^^^^^^^^^^^^^^^^^\n  File \"D:\\python\\Lib\\site-packages\\pymilvus\\decorators.py\", line 121, in handler\n    return func(self, collection_name, *args, **kwargs)\n           ^^^^^^^^^^^^^^^^^^^^^^^^^^^^^^^^^^^^^^^^^^^^\n  File \"D:\\python\\Lib\\site-packages\\pymilvus\\client\\grpc_handler.py\", line 822, in insert_rows\n    check_status(resp.status)\n  File \"D:\\python\\Lib\\site-packages\\pymilvus\\client\\utils.py\", line 77, in check_status\n    raise MilvusException(status.code, status.reason, status.error_code)\npymilvus.exceptions.MilvusException: <MilvusException: (code=1100, message=float vector field 'embedding' is illegal, array type mismatch: invalid parameter[expected=need float vector][actual=got nil])>"}
{"timestamp": "2026-05-28T03:57:44.355037+00:00", "level": "INFO", "logger": "src.app.services.search_service", "module": "search_service:81", "message": "Search: query='multi-language RAG knowledge retrieval...', top_k=3, found=0, time=337.2ms", "trace_id": "4eadf09f-237d-4526-9227-37e9a0b44989"}
{"timestamp": "2026-05-28T03:57:44.356039+00:00", "level": "INFO", "logger": "src.app.middleware.logging", "module": "logging:47", "message": "POST /api/v1/search → 200 (360.2ms)", "trace_id": "4eadf09f-237d-4526-9227-37e9a0b44989"}
{"timestamp": "2026-05-28T03:57:44.747334+00:00", "level": "INFO", "logger": "src.app.middleware.logging", "module": "logging:47", "message": "GET /api/v1/stats → 200 (76.2ms)", "trace_id": "9475ad1b-d580-42ae-b05c-2a3f1555b4b4"}
{"timestamp": "2026-05-28T03:58:37.968860+00:00", "level": "INFO", "logger": "src.app.main", "module": "main:44", "message": "Starting CaraBot (vector_store=milvus, log_level=INFO)", "trace_id": ""}
{"timestamp": "2026-05-28T03:58:38.142648+00:00", "level": "INFO", "logger": "src.app.main", "module": "main:75", "message": "Running startup checks...", "trace_id": ""}
{"timestamp": "2026-05-28T03:58:38.378945+00:00", "level": "INFO", "logger": "src.app.main", "module": "main:83", "message": "  [OK] Database connection verified", "trace_id": ""}
{"timestamp": "2026-05-28T03:58:38.420605+00:00", "level": "INFO", "logger": "src.app.main", "module": "main:93", "message": "  [OK] Database tables ensured", "trace_id": ""}
{"timestamp": "2026-05-28T03:58:38.617096+00:00", "level": "INFO", "logger": "src.app.vectorstore.milvus_store", "module": "milvus_store:74", "message": "Connected to Milvus at localhost:19530", "trace_id": ""}
{"timestamp": "2026-05-28T03:58:38.623653+00:00", "level": "INFO", "logger": "src.app.main", "module": "main:102", "message": "  [OK] Vector store (milvus) connected", "trace_id": ""}
{"timestamp": "2026-05-28T03:59:30.142655+00:00", "level": "INFO", "logger": "src.app.services.embedding_service", "module": "embedding_service:61", "message": "Loading model 'BAAI/bge-m3' (auto-cached by HuggingFace)", "trace_id": ""}
{"timestamp": "2026-05-28T03:59:30.143655+00:00", "level": "INFO", "logger": "src.app.services.embedding_service", "module": "embedding_service:36", "message": "Loading embedding model from BAAI/bge-m3", "trace_id": ""}
{"timestamp": "2026-05-28T03:59:32.721853+00:00", "level": "INFO", "logger": "sentence_transformers.base.model", "module": "model:992", "message": "Loading SentenceTransformer model from BAAI/bge-m3.", "trace_id": ""}
{"timestamp": "2026-05-28T03:59:35.334092+00:00", "level": "WARNING", "logger": "huggingface_hub.utils._http", "module": "_http:916", "message": "Warning: You are sending unauthenticated requests to the HF Hub. Please set a HF_TOKEN to enable higher rate limits and faster downloads.", "trace_id": ""}
{"timestamp": "2026-05-28T03:59:53.912614+00:00", "level": "INFO", "logger": "src.app.services.embedding_service", "module": "embedding_service:46", "message": "Embedding model loaded. Dimension: 1024", "trace_id": ""}
{"timestamp": "2026-05-28T03:59:53.927443+00:00", "level": "INFO", "logger": "src.app.main", "module": "main:113", "message": "  [OK] Embedding model loaded", "trace_id": ""}
{"timestamp": "2026-05-28T03:59:54.483514+00:00", "level": "INFO", "logger": "src.app.main", "module": "main:124", "message": "  [OK] Redis connected", "trace_id": ""}
{"timestamp": "2026-05-28T03:59:54.483514+00:00", "level": "INFO", "logger": "src.app.main", "module": "main:133", "message": "CaraBot ready on 0.0.0.0:8000", "trace_id": ""}
{"timestamp": "2026-05-28T04:00:37.610089+00:00", "level": "INFO", "logger": "src.app.middleware.logging", "module": "logging:47", "message": "GET /health → 200 (1273.9ms)", "trace_id": "7e7777f9-ee8d-4374-be7b-2cb2a89b54a6"}
{"timestamp": "2026-05-28T04:00:48.322935+00:00", "level": "INFO", "logger": "src.app.services.document_processor", "module": "document_processor:116", "message": "Processed 'test_doc.txt': 1 document(s) → 1 chunks (chunk_size=500, overlap=50)", "trace_id": "04d03637-d196-4821-99e8-33584fd0ef25"}
{"timestamp": "2026-05-28T04:00:52.531706+00:00", "level": "INFO", "logger": "src.app.vectorstore.milvus_store", "module": "milvus_store:132", "message": "Inserted 1 chunks into Milvus collection 'carabot_knowledge'", "trace_id": "04d03637-d196-4821-99e8-33584fd0ef25"}
{"timestamp": "2026-05-28T04:00:52.585322+00:00", "level": "INFO", "logger": "src.app.services.dedup_service", "module": "dedup_service:110", "message": "Registered document: id=be783309-2059-4393-8a8e-afee2e6f87ff, filename='test_doc.txt'", "trace_id": "04d03637-d196-4821-99e8-33584fd0ef25"}
{"timestamp": "2026-05-28T04:00:52.587323+00:00", "level": "INFO", "logger": "src.app.services.upload_service", "module": "upload_service:129", "message": "Upload complete: doc_id=be783309-2059-4393-8a8e-afee2e6f87ff, file='test_doc.txt', chunks=1, incremental=False", "trace_id": "04d03637-d196-4821-99e8-33584fd0ef25"}
{"timestamp": "2026-05-28T04:00:52.588325+00:00", "level": "INFO", "logger": "src.app.middleware.logging", "module": "logging:47", "message": "POST /api/v1/upload → 200 (4672.9ms)", "trace_id": "04d03637-d196-4821-99e8-33584fd0ef25"}
{"timestamp": "2026-05-28T04:00:52.902309+00:00", "level": "INFO", "logger": "src.app.services.dedup_service", "module": "dedup_service:52", "message": "Duplicate detected: hash=2dd5ffd6be920388, doc_id=be783309-2059-4393-8a8e-afee2e6f87ff", "trace_id": "5635bd46-95c7-43d6-a500-30e42ed91a4b"}
{"timestamp": "2026-05-28T04:00:52.904303+00:00", "level": "INFO", "logger": "src.app.services.upload_service", "module": "upload_service:72", "message": "Duplicate file, returning existing record: be783309-2059-4393-8a8e-afee2e6f87ff", "trace_id": "5635bd46-95c7-43d6-a500-30e42ed91a4b"}
{"timestamp": "2026-05-28T04:00:52.905294+00:00", "level": "INFO", "logger": "src.app.middleware.logging", "module": "logging:47", "message": "POST /api/v1/upload → 200 (12.5ms)", "trace_id": "5635bd46-95c7-43d6-a500-30e42ed91a4b"}
{"timestamp": "2026-05-28T04:00:53.857033+00:00", "level": "INFO", "logger": "src.app.services.search_service", "module": "search_service:81", "message": "Search: query='enterprise RAG system multi-language...', top_k=3, found=0, time=628.7ms", "trace_id": "3b0b60b9-2d4c-4c51-bd47-92c442a9e9ca"}
{"timestamp": "2026-05-28T04:00:53.859033+00:00", "level": "INFO", "logger": "src.app.middleware.logging", "module": "logging:47", "message": "POST /api/v1/search → 200 (636.3ms)", "trace_id": "3b0b60b9-2d4c-4c51-bd47-92c442a9e9ca"}
{"timestamp": "2026-05-28T04:00:54.252848+00:00", "level": "INFO", "logger": "src.app.middleware.logging", "module": "logging:47", "message": "GET /api/v1/stats → 200 (72.3ms)", "trace_id": "0c981bb3-6f5e-49d9-a79b-76cad0d427f8"}
{"timestamp": "2026-05-28T04:02:09.034484+00:00", "level": "INFO", "logger": "src.app.main", "module": "main:44", "message": "Starting CaraBot (vector_store=milvus, log_level=INFO)", "trace_id": ""}
{"timestamp": "2026-05-28T04:02:09.157755+00:00", "level": "INFO", "logger": "src.app.main", "module": "main:75", "message": "Running startup checks...", "trace_id": ""}
{"timestamp": "2026-05-28T04:02:09.301912+00:00", "level": "INFO", "logger": "src.app.main", "module": "main:83", "message": "  [OK] Database connection verified", "trace_id": ""}
{"timestamp": "2026-05-28T04:02:09.336830+00:00", "level": "INFO", "logger": "src.app.main", "module": "main:93", "message": "  [OK] Database tables ensured", "trace_id": ""}
{"timestamp": "2026-05-28T04:02:09.436304+00:00", "level": "INFO", "logger": "src.app.vectorstore.milvus_store", "module": "milvus_store:74", "message": "Connected to Milvus at localhost:19530", "trace_id": ""}
{"timestamp": "2026-05-28T04:02:09.439299+00:00", "level": "INFO", "logger": "src.app.main", "module": "main:102", "message": "  [OK] Vector store (milvus) connected", "trace_id": ""}
{"timestamp": "2026-05-28T04:02:45.245812+00:00", "level": "INFO", "logger": "src.app.services.embedding_service", "module": "embedding_service:61", "message": "Loading model 'BAAI/bge-m3' (auto-cached by HuggingFace)", "trace_id": ""}
{"timestamp": "2026-05-28T04:02:45.246810+00:00", "level": "INFO", "logger": "src.app.services.embedding_service", "module": "embedding_service:36", "message": "Loading embedding model from BAAI/bge-m3", "trace_id": ""}
{"timestamp": "2026-05-28T04:02:47.297695+00:00", "level": "INFO", "logger": "sentence_transformers.base.model", "module": "model:992", "message": "Loading SentenceTransformer model from BAAI/bge-m3.", "trace_id": ""}
{"timestamp": "2026-05-28T04:02:49.658448+00:00", "level": "WARNING", "logger": "huggingface_hub.utils._http", "module": "_http:916", "message": "Warning: You are sending unauthenticated requests to the HF Hub. Please set a HF_TOKEN to enable higher rate limits and faster downloads.", "trace_id": ""}
{"timestamp": "2026-05-28T04:02:56.745928+00:00", "level": "ERROR", "logger": "src.app.main", "module": "main:116", "message": "  [FAIL] Embedding model: Unrecognized processing class in BAAI/bge-m3. Can't instantiate a processor, a tokenizer, an image processor, a video processor or a feature extractor for this model. Make sure the repository contains the files of at least one of those processing classes.", "trace_id": ""}
{"timestamp": "2026-05-28T04:02:57.010783+00:00", "level": "INFO", "logger": "src.app.main", "module": "main:124", "message": "  [OK] Redis connected", "trace_id": ""}
{"timestamp": "2026-05-28T04:02:57.010783+00:00", "level": "CRITICAL", "logger": "src.app.main", "module": "main:130", "message": "Startup validation failed: Embedding model: Unrecognized processing class in BAAI/bge-m3. Can't instantiate a processor, a tokenizer, an image processor, a video processor or a feature extractor for this model. Make sure the repository contains the files of at least one of those processing classes.", "trace_id": ""}
{"timestamp": "2026-05-28T04:02:57.011788+00:00", "level": "INFO", "logger": "src.app.main", "module": "main:133", "message": "CaraBot ready on 0.0.0.0:8000", "trace_id": ""}
{"timestamp": "2026-05-28T04:02:57.014794+00:00", "level": "INFO", "logger": "src.app.main", "module": "main:137", "message": "Shutting down CaraBot...", "trace_id": ""}
{"timestamp": "2026-05-28T04:02:57.020782+00:00", "level": "INFO", "logger": "src.app.main", "module": "main:139", "message": "CaraBot shutdown complete.", "trace_id": ""}
